<nav aria-label="Page navigation">
    <ul class="pagination">
        <li class="page-item"><a class="page-link" href="https://example.com:443/a/b?unrelated=xyz&ezywWjud3S8vWaq85JGIvw=1">1</a></li>
        <li class="page-item"><a class="page-link" href="https://example.com:443/a/b?unrelated=xyz&ezywWjud3S8vWaq85JGIvw=2">2</a></li>
        <li class="page-item">3</li>
        <li class="page-item"><a class="page-link" href="https://example.com:443/a/b?unrelated=xyz&ezywWjud3S8vWaq85JGIvw=4">4</a></li>
        <li class="page-item"><a class="page-link" href="https://example.com:443/a/b?unrelated=xyz&ezywWjud3S8vWaq85JGIvw=5">5</a></li>
    </ul>
</nav>
