<nav aria-label="Page navigation">
  <ul class="pagination">
    <li class="page-item">1</li>
    <li class="page-item">
      <a class="page-link" href="#">2</a>
    </li>
    <li class="page-item">
      <a class="page-link" href="#">3</a>
    </li>
    <li class="page-item">
      <a class="page-link" href="#">4</a>
    </li>
    <li class="page-item">
      <a class="page-link" href="#">5</a>
    </li>
  </ul>
</nav>