<nav aria-label="Page navigation">
    <ul class="pagination">
        <li class="page-item"><a class="page-link" href="https://example.com:443/a/b?unrelated=xyz&ezywWjud3S8vWaq85JGIvw=6">6</a></li>
        <li class="page-item"><a class="page-link" href="https://example.com:443/a/b?unrelated=xyz&ezywWjud3S8vWaq85JGIvw=7">7</a></li>
        <li class="page-item">8</li>
        <li class="page-item"><a class="page-link" href="https://example.com:443/a/b?unrelated=xyz&ezywWjud3S8vWaq85JGIvw=9">9</a></li>
        <li class="page-item"><a class="page-link" href="https://example.com:443/a/b?unrelated=xyz&ezywWjud3S8vWaq85JGIvw=10">10</a></li>
    </ul>
</nav>
