

<div class="contentlist simple">
            <div class=" col-sm-12 col-md-6 col-lg-4 list-item page ">

                <h3>
                    <a href="/about-us/">About us</a>
                </h3>
                <div class="list-summary">
                    <p>Read all about us</p>
                </div>
                <div>
                    <a href="/about-us/" class="readmore">Read more &rsaquo;</a>
                </div>
            </div>
            <div class=" col-sm-12 col-md-6 col-lg-4 list-item page ">

                <h3>
                    <a href="/contact-us/">Contact us</a>
                </h3>
                <div class="list-summary">
                    <p>Contact us here</p>
                </div>
                <div>
                    <a href="/contact-us/" class="readmore">Read more &rsaquo;</a>
                </div>
            </div>
                <div class="clearfix visible-md"></div>
                <div class="clearfix visible-sm"></div>
        <div class="col-md-12">
            <nav>
                
            </nav>
        </div>
</div>
