[
    {
        "ContentTypeName": "page",
        "ListImageUrl": null,
        "Url": "/item-1/item-11/",
        "SortDate": "0001-01-01T00:00:00",
        "Layout": null,
        "ListHeading": "Item 1.1",
        "ListImage": null,
        "ListSummary": {},
        "ReadMoreText": null,
        "Name": "Item 1.1",
        "UrlSegment": "item-11",
        "SortOrder": 0
    },
    {
        "ContentTypeName": "page",
        "ListImageUrl": null,
        "Url": "/item-1/item-12/",
        "SortDate": "0001-01-01T00:00:00",
        "Layout": null,
        "ListHeading": "Item 1.2",
        "ListImage": null,
        "ListSummary": {},
        "ReadMoreText": null,
        "Name": "Item 1.2",
        "UrlSegment": "item-12",
        "SortOrder": 1
    },
    {
        "ContentTypeName": "page",
        "ListImageUrl": null,
        "Url": "/item-2/item-21/",
        "SortDate": "0001-01-01T00:00:00",
        "Layout": null,
        "ListHeading": "Item 2.1",
        "ListImage": null,
        "ListSummary": {},
        "ReadMoreText": null,
        "Name": "Item 2.1",
        "UrlSegment": "item-21",
        "SortOrder": 0
    },
    {
        "ContentTypeName": "page",
        "ListImageUrl": null,
        "Url": "/item-2/item-22/",
        "SortDate": "0001-01-01T00:00:00",
        "Layout": null,
        "ListHeading": "Item 2.2",
        "ListImage": null,
        "ListSummary": {},
        "ReadMoreText": null,
        "Name": "Item 2.2",
        "UrlSegment": "item-22",
        "SortOrder": 1
    }
]