[
    {
        "ContentTypeName": "page",
        "ListImageUrl": null,
        "Url": "/about-us/",
        "SortDate": "0001-01-01T00:00:00",
        "Layout": null,
        "ListHeading": "About us",
        "ListImage": null,
        "ListSummary": {},
        "ReadMoreText": null
    },
    {
        "ContentTypeName": "page",
        "ListImageUrl": null,
        "Url": "/contact-us/",
        "SortDate": "0001-01-01T00:00:00",
        "Layout": null,
        "ListHeading": "Contact us",
        "ListImage": null,
        "ListSummary": {},
        "ReadMoreText": null
    }
]