Source types

Children from individually selected parents   Our.Umbraco.ContentList.DataSources.ChildrenOfMultipleDataSource, Our.Umbraco.ContentList
List of children                              Our.Umbraco.ContentList.DataSources.ListableChildrenDataSource, Our.Umbraco.ContentList
