    <nav aria-label="Page navigation">
        <ul class="pagination">
                <li class="page-item"><a class="page-link" href="https://example.com:443/a/b?unrelated=xyz&ezywWjud3S8vWaq85JGIvw=1">&lsaquo;&lsaquo;</a></li>
                <li class="page-item"><a class="page-link" href="https://example.com:443/a/b?unrelated=xyz&ezywWjud3S8vWaq85JGIvw=5">&lsaquo;</a></li>
                    <li class="page-item"><a class="page-link" href="https://example.com:443/a/b?unrelated=xyz&ezywWjud3S8vWaq85JGIvw=6">6</a></li>
                    <li class="page-item"><a class="page-link" href="https://example.com:443/a/b?unrelated=xyz&ezywWjud3S8vWaq85JGIvw=7">7</a></li>
                    <li class="page-item"><a class="page-link" href="https://example.com:443/a/b?unrelated=xyz&ezywWjud3S8vWaq85JGIvw=8">8</a></li>
                    <li class="page-item"><a class="page-link" href="https://example.com:443/a/b?unrelated=xyz&ezywWjud3S8vWaq85JGIvw=9">9</a></li>
                    <li class="page-item">10</li>
        </ul>
    </nav>

